// Jest Snapshot v1, https://goo.gl/fbAQLP

exports[`<App /> should render the heading 1`] = `
<div>
  <h1>
    The wild oasis
  </h1>
</div>
`;
